DELETE /api/backups/{key}
DELETE /api/collections/{collection}
DELETE /api/collections/{collection}/records/{id}
DELETE /api/collections/{collection}/truncate
GET /api/audits
GET /api/audits/reads
GET /api/audits/{id}
GET /api/backups
GET /api/backups/{key}
GET /api/collections
GET /api/collections/meta/oauth2-providers
GET /api/collections/meta/scaffolds
GET /api/collections/{collection}
GET /api/collections/{collection}/auth-methods
GET /api/collections/{collection}/records
GET /api/collections/{collection}/records/{id}
GET /api/crons
GET /api/files/{collection}/{recordId}/{filename}
GET /api/health
GET /api/logs
GET /api/logs/stats
GET /api/logs/{id}
GET /api/oauth2-redirect
GET /api/realtime
GET /api/settings
PATCH /api/collections/{collection}
PATCH /api/collections/{collection}/records/{id}
PATCH /api/settings
POST /api/backups
POST /api/backups/upload
POST /api/backups/{key}/restore
POST /api/batch
POST /api/collections
POST /api/collections/meta/dry-run-view
POST /api/collections/{collection}/auth-refresh
POST /api/collections/{collection}/auth-with-oauth2
POST /api/collections/{collection}/auth-with-otp
POST /api/collections/{collection}/auth-with-password
POST /api/collections/{collection}/confirm-email-change
POST /api/collections/{collection}/confirm-password-reset
POST /api/collections/{collection}/confirm-verification
POST /api/collections/{collection}/impersonate/{id}
POST /api/collections/{collection}/records
POST /api/collections/{collection}/request-email-change
POST /api/collections/{collection}/request-otp
POST /api/collections/{collection}/request-password-reset
POST /api/collections/{collection}/request-verification
POST /api/crons/{id}
POST /api/files/token
POST /api/oauth2-redirect
POST /api/realtime
POST /api/settings/apple/generate-client-secret
POST /api/settings/test/email
POST /api/settings/test/s3
POST /api/sql
PUT /api/collections/import
